OpenJDK 64-Bit Server VM (25.192-b01) for linux-amd64 JRE (1.8.0_192-b01), built on Oct 17 2018 08:31:20 by "zulu_re" with gcc 4.4.7 20120313 (Red Hat 4.4.7-3)
Memory: 4k page, physical 65693176k(5405960k free), swap 4194300k(3153340k free)
CommandLine flags: -XX:GCHeapFreeLimit=10 -XX:GCTimeLimit=50 -XX:InitialHeapSize=3145728000 -XX:MaxHeapSize=16817453056 -XX:+PrintFlagsFinal -XX:+PrintGC -XX:+PrintGCTimeStamps -XX:+UseCompressedClassPointers -XX:+UseCompressedOops -XX:+UseParallelGC 
10.035: [GC (Metadata GC Threshold)  153600K->18425K(2944000K), 0.0422971 secs]
10.078: [Full GC (Metadata GC Threshold)  18425K->17262K(2944000K), 0.4961204 secs]
34.166: [GC (Metadata GC Threshold)  462706K->35921K(2944000K), 0.1470906 secs]
34.313: [Full GC (Metadata GC Threshold)  35921K->20949K(3652096K), 0.3056514 secs]
68.605: [GC (Allocation Failure)  788949K->27448K(3652096K), 0.0235890 secs]
98.955: [GC (Allocation Failure)  795448K->25000K(3735040K), 1.0041719 secs]
136.645: [GC (Allocation Failure)  875944K->24944K(3735040K), 0.0525864 secs]
170.460: [GC (Allocation Failure)  875888K->25016K(3817984K), 1.6326993 secs]
202.461: [GC (Allocation Failure)  1062840K->24952K(3817472K), 0.0283772 secs]
241.595: [GC (Allocation Failure)  1062776K->24984K(4066304K), 0.0391394 secs]
301.152: [GC (Allocation Failure)  1331096K->25504K(4122624K), 0.0387493 secs]
354.663: [GC (Allocation Failure)  1370016K->25696K(4249088K), 2.9194057 secs]
414.666: [GC (Allocation Failure)  1497696K->25664K(4248064K), 0.0641841 secs]
465.863: [GC (Allocation Failure)  1497664K->25888K(4470272K), 0.0291404 secs]
543.961: [GC (Allocation Failure)  1734944K->26184K(4521984K), 1.8271466 secs]
613.550: [GC (Allocation Failure)  1773640K->26344K(4784128K), 0.0483623 secs]
691.576: [GC (Allocation Failure)  2048744K->25013K(4797952K), 0.0246822 secs]
788.904: [GC (Allocation Failure)  2049973K->25589K(4994560K), 0.0642300 secs]
927.856: [GC (Allocation Failure)  2259445K->25013K(5041152K), 0.0561246 secs]
1013.389: [GC (Allocation Failure)  2294197K->25368K(5127680K), 0.8782345 secs]
1095.931: [GC (Allocation Failure)  2382104K->25272K(5059584K), 0.0117997 secs]
1180.635: [GC (Allocation Failure)  2327736K->25632K(5007872K), 0.0234444 secs]
1257.572: [GC (Allocation Failure)  2275872K->24927K(4956160K), 0.0384626 secs]
1353.694: [GC (Allocation Failure)  2224479K->25215K(4908032K), 0.0627997 secs]
1421.816: [GC (Allocation Failure)  2176127K->25311K(4873728K), 0.0144967 secs]
1487.768: [GC (Allocation Failure)  2129119K->25631K(4815872K), 0.0098259 secs]
1548.800: [GC (Allocation Failure)  2083871K->25059K(4771328K), 0.0043372 secs]
1625.613: [GC (Allocation Failure)  2039267K->25451K(4728832K), 0.0411805 secs]
1684.248: [GC (Allocation Failure)  1997163K->25129K(4698624K), 0.1029161 secs]
1766.849: [GC (Allocation Failure)  1955881K->25065K(4647936K), 0.0397875 secs]
1829.926: [GC (Allocation Failure)  1915881K->25097K(4619264K), 0.0164055 secs]
1870.714: [GC (Allocation Failure)  1877513K->25193K(4572160K), 0.0548441 secs]
1937.058: [GC (Allocation Failure)  1840233K->25065K(4545024K), 0.0072725 secs]
2007.040: [GC (Allocation Failure)  1804265K->25097K(4501504K), 0.0175551 secs]
2090.406: [GC (Allocation Failure)  1769481K->25065K(4475392K), 0.0090937 secs]
2149.121: [GC (Allocation Failure)  1735657K->25169K(4434944K), 0.0573642 secs]
2218.229: [GC (Allocation Failure)  1702993K->25137K(4409856K), 0.0347162 secs]
2290.613: [GC (Allocation Failure)  1671217K->25105K(4372480K), 0.0167071 secs]
2342.327: [GC (Allocation Failure)  1640465K->25329K(4348928K), 0.0202633 secs]
2413.377: [GC (Allocation Failure)  1610993K->25104K(4314112K), 0.0290513 secs]
2462.050: [GC (Allocation Failure)  1582096K->25072K(4291072K), 0.0092416 secs]
2527.973: [GC (Allocation Failure)  1553904K->25072K(4258304K), 0.0136536 secs]
2583.032: [GC (Allocation Failure)  1526768K->25296K(4237312K), 0.0220724 secs]
2621.224: [GC (Allocation Failure)  1500880K->24909K(4206592K), 0.0064336 secs]
2675.214: [GC (Allocation Failure)  1474893K->25037K(4185600K), 0.0244584 secs]
2728.288: [GC (Allocation Failure)  1449933K->25421K(4157952K), 0.0500859 secs]
2770.936: [GC (Allocation Failure)  1426253K->24979K(4133888K), 0.0316356 secs]
2844.943: [GC (Allocation Failure)  1402259K->25139K(4111360K), 0.0166759 secs]
2913.927: [GC (Allocation Failure)  1379379K->25299K(4089344K), 0.0659114 secs]
2966.661: [GC (Allocation Failure)  1357523K->25235K(4067840K), 0.0206325 secs]
3029.424: [GC (Allocation Failure)  1335955K->25555K(4046848K), 0.0640077 secs]
3096.864: [GC (Allocation Failure)  1315283K->25075K(4025856K), 0.0829815 secs]
3145.937: [GC (Allocation Failure)  1294323K->25427K(4008448K), 0.0753520 secs]
3205.281: [GC (Allocation Failure)  1274707K->25422K(3986944K), 0.0703504 secs]
3243.293: [GC (Allocation Failure)  1255246K->25070K(3967488K), 0.0157887 secs]
3288.507: [GC (Allocation Failure)  1235950K->25294K(3949568K), 0.0382949 secs]
3340.406: [GC (Allocation Failure)  1217742K->25358K(3933184K), 0.0131885 secs]
3377.886: [GC (Allocation Failure)  1199886K->25113K(3914240K), 0.0080998 secs]
3416.315: [GC (Allocation Failure)  1182233K->25305K(3897344K), 0.0101949 secs]
3459.080: [GC (Allocation Failure)  1165529K->25529K(3880960K), 0.0142664 secs]
3501.575: [GC (Allocation Failure)  1149369K->25753K(3865600K), 0.1057411 secs]
3549.430: [GC (Allocation Failure)  1133721K->26041K(3849728K), 0.0160941 secs]
3590.755: [GC (Allocation Failure)  1118137K->26137K(3834880K), 0.1651256 secs]
3622.697: [GC (Allocation Failure)  1102873K->26265K(3819008K), 0.0256572 secs]
3643.602: [GC (Allocation Failure)  1088153K->26393K(3804672K), 0.0490471 secs]
3683.132: [GC (Allocation Failure)  1073433K->26063K(3789824K), 0.0626085 secs]
3728.466: [GC (Allocation Failure)  1058767K->25879K(4987904K), 0.0247710 secs]
3824.488: [GC (Allocation Failure)  2256663K->25621K(4937728K), 0.0759550 secs]
3926.401: [GC (Allocation Failure)  2206741K->25653K(4891648K), 0.0724525 secs]
4025.190: [GC (Allocation Failure)  2158645K->25589K(4843008K), 0.0130889 secs]
4097.610: [GC (Allocation Failure)  2111989K->25685K(4799488K), 0.0140290 secs]
4180.959: [GC (Allocation Failure)  2067029K->25717K(4754432K), 0.0561109 secs]
4239.010: [GC (Allocation Failure)  2023541K->25621K(4713984K), 0.0327603 secs]
4319.823: [GC (Allocation Failure)  1981461K->25653K(4672000K), 0.0136528 secs]
4410.508: [GC (Allocation Failure)  1941045K->25685K(4634112K), 0.0601739 secs]
4463.787: [GC (Allocation Failure)  1901653K->25619K(4594688K), 0.0065042 secs]
4532.922: [GC (Allocation Failure)  1863699K->25589K(4559360K), 0.0071506 secs]
4590.955: [GC (Allocation Failure)  1826805K->25589K(4522496K), 0.0073625 secs]
4664.597: [GC (Allocation Failure)  1791477K->25685K(4489216K), 0.0117862 secs]
4737.055: [GC (Allocation Failure)  1757269K->25621K(4454912K), 0.0226073 secs]
4799.989: [GC (Allocation Failure)  1723925K->25587K(4423680K), 0.0079680 secs]
4860.458: [GC (Allocation Failure)  1691635K->25627K(4391424K), 0.0146614 secs]
4934.513: [GC (Allocation Failure)  1660443K->25699K(4362240K), 0.0619917 secs]
4994.797: [GC (Allocation Failure)  1630307K->25675K(4332032K), 0.0121221 secs]
5071.921: [GC (Allocation Failure)  1601099K->25771K(4304384K), 0.0168398 secs]
5135.878: [GC (Allocation Failure)  1572523K->25675K(4275712K), 0.0362619 secs]
5213.420: [GC (Allocation Failure)  1544779K->25739K(4250112K), 0.0491499 secs]
5271.740: [GC (Allocation Failure)  1518219K->25715K(4222976K), 0.0129300 secs]
5336.258: [GC (Allocation Failure)  1492083K->25683K(4198912K), 0.0841537 secs]
5394.522: [GC (Allocation Failure)  1466963K->25859K(4173312K), 0.0565307 secs]
5452.810: [GC (Allocation Failure)  1442563K->26339K(4149760K), 0.0223432 secs]
5505.721: [GC (Allocation Failure)  1418979K->26443K(4126720K), 0.0544776 secs]
5550.495: [GC (Allocation Failure)  1396043K->26251K(4104192K), 0.0152214 secs]
5604.698: [GC (Allocation Failure)  1373323K->26379K(4082176K), 0.0500693 secs]
5663.683: [GC (Allocation Failure)  1351435K->26219K(4060672K), 0.0236088 secs]
5721.793: [GC (Allocation Failure)  1329771K->26251K(4039680K), 0.0276117 secs]
5773.328: [GC (Allocation Failure)  1308811K->26259K(4019712K), 0.0983590 secs]
5842.495: [GC (Allocation Failure)  1288851K->26221K(4000256K), 0.0937936 secs]
5913.689: [GC (Allocation Failure)  1269357K->26307K(3981312K), 0.0483729 secs]
5970.069: [GC (Allocation Failure)  1250499K->26243K(3962880K), 0.0205777 secs]
6045.544: [GC (Allocation Failure)  1232003K->26211K(3944448K), 0.1769826 secs]
6104.586: [GC (Allocation Failure)  1213539K->26339K(3926528K), 0.0329653 secs]
6146.129: [GC (Allocation Failure)  1195747K->26261K(3909120K), 0.0080426 secs]
6185.080: [GC (Allocation Failure)  1178261K->27898K(3892736K), 0.3127728 secs]
6237.381: [GC (Allocation Failure)  1163002K->26674K(3875328K), 0.0097589 secs]
6281.797: [GC (Allocation Failure)  1145394K->26706K(3859456K), 0.0169450 secs]
6324.527: [GC (Allocation Failure)  1129554K->26706K(3845632K), 0.0085352 secs]
6358.773: [GC (Allocation Failure)  1114194K->26738K(3828736K), 0.0120172 secs]
6396.964: [GC (Allocation Failure)  1098866K->26706K(3815424K), 0.0087198 secs]
6434.929: [GC (Allocation Failure)  1083986K->26738K(3799552K), 0.0228985 secs]
6478.971: [GC (Allocation Failure)  1069682K->26706K(3786240K), 0.0084452 secs]
6525.048: [GC (Allocation Failure)  1055314K->26706K(4961280K), 0.0170544 secs]
6614.296: [GC (Allocation Failure)  2231378K->27124K(4913152K), 0.0059263 secs]
6734.361: [GC (Allocation Failure)  2182644K->29372K(4866048K), 0.1087154 secs]
6821.040: [GC (Allocation Failure)  2137788K->29692K(4820992K), 0.0966420 secs]
6899.163: [GC (Allocation Failure)  2092540K->28826K(4775936K), 0.0572549 secs]
7006.201: [GC (Allocation Failure)  2047642K->29050K(4733952K), 0.0500737 secs]
7107.381: [GC (Allocation Failure)  2005370K->29082K(4692992K), 0.0283043 secs]
7183.470: [GC (Allocation Failure)  1964442K->29402K(4653056K), 0.0220312 secs]
7259.062: [GC (Allocation Failure)  1924826K->28960K(4614144K), 0.0232044 secs]
7340.160: [GC (Allocation Failure)  1885984K->29120K(4577280K), 0.0187940 secs]
7395.946: [GC (Allocation Failure)  1848768K->29536K(4541952K), 0.0714286 secs]
7470.793: [GC (Allocation Failure)  1813344K->29728K(4507136K), 0.0350705 secs]
7529.797: [GC (Allocation Failure)  1778720K->28797K(4472320K), 0.0300323 secs]
7587.426: [GC (Allocation Failure)  1743997K->29021K(4440064K), 0.0874572 secs]
7643.152: [GC (Allocation Failure)  1711453K->29181K(4408320K), 0.0057629 secs]
7685.994: [GC (Allocation Failure)  1679869K->29661K(4378112K), 0.0198920 secs]
7750.051: [GC (Allocation Failure)  1649629K->28922K(4347392K), 0.0699633 secs]
7795.860: [GC (Allocation Failure)  1619194K->29018K(4318720K), 0.0520410 secs]
7851.982: [GC (Allocation Failure)  1590106K->29034K(4290048K), 0.0278945 secs]
7923.170: [GC (Allocation Failure)  1561962K->29386K(4264448K), 0.0873652 secs]
7975.092: [GC (Allocation Failure)  1535178K->29770K(4236800K), 0.0577567 secs]
8037.999: [GC (Allocation Failure)  1508938K->29610K(4211200K), 0.0089403 secs]
8099.411: [GC (Allocation Failure)  1483178K->29578K(4186112K), 0.0126378 secs]
8167.146: [GC (Allocation Failure)  1458058K->28935K(4161536K), 0.0597490 secs]
8221.569: [GC (Allocation Failure)  1433351K->29127K(4137984K), 0.0156114 secs]
8268.110: [GC (Allocation Failure)  1409991K->29383K(4115456K), 0.0423351 secs]
8326.560: [GC (Allocation Failure)  1387207K->28773K(4092416K), 0.0134897 secs]
8378.172: [GC (Allocation Failure)  1364581K->28901K(4072448K), 0.0188768 secs]
8437.421: [GC (Allocation Failure)  1343205K->29189K(4050432K), 0.0123211 secs]
8483.917: [GC (Allocation Failure)  1322501K->29477K(4030464K), 0.0269650 secs]
8542.907: [GC (Allocation Failure)  1302309K->28658K(4009472K), 0.1266491 secs]
8576.154: [GC (Allocation Failure)  1281522K->28698K(3991552K), 0.0278833 secs]
8609.174: [GC (Allocation Failure)  1262106K->28698K(3971072K), 0.0080095 secs]
8641.122: [GC (Allocation Failure)  1243162K->28666K(3954176K), 0.0268327 secs]
8689.437: [GC (Allocation Failure)  1224698K->28666K(3934720K), 0.0099514 secs]
8733.574: [GC (Allocation Failure)  1206778K->28634K(3918848K), 0.0142330 secs]
8772.591: [GC (Allocation Failure)  1189338K->28698K(3900416K), 0.0458382 secs]
8811.967: [GC (Allocation Failure)  1172506K->28666K(3885568K), 0.0047408 secs]
8860.929: [GC (Allocation Failure)  1156090K->28698K(3867648K), 0.0940485 secs]
8910.455: [GC (Allocation Failure)  1139738K->28666K(3853312K), 0.0172054 secs]
8949.603: [GC (Allocation Failure)  1123834K->28666K(3836416K), 0.0122018 secs]
8995.153: [GC (Allocation Failure)  1108474K->28684K(3822592K), 0.0226062 secs]
9035.031: [GC (Allocation Failure)  1093644K->28634K(3806720K), 0.0153693 secs]
9066.099: [GC (Allocation Failure)  1078746K->28698K(3793408K), 0.0421099 secs]
9102.379: [GC (Allocation Failure)  1064474K->28730K(3778560K), 0.0173955 secs]
9154.110: [GC (Allocation Failure)  1050682K->28666K(4929024K), 0.0518711 secs]
9241.050: [GC (Allocation Failure)  2200058K->28642K(4880384K), 0.0169085 secs]
9310.238: [GC (Allocation Failure)  2152418K->28706K(4835328K), 0.0157226 secs]
9395.466: [GC (Allocation Failure)  2106402K->28674K(4789760K), 0.0252127 secs]
9479.572: [GC (Allocation Failure)  2061826K->28700K(4747264K), 0.0579725 secs]
9554.334: [GC (Allocation Failure)  2018844K->28668K(4705280K), 0.0130831 secs]
9648.917: [GC (Allocation Failure)  1977340K->28700K(4665344K), 0.0117778 secs]
9732.378: [GC (Allocation Failure)  1936924K->28700K(4625920K), 0.0347198 secs]
9815.416: [GC (Allocation Failure)  1898012K->28700K(4588544K), 0.0079900 secs]
9890.680: [GC (Allocation Failure)  1860124K->28700K(4551680K), 0.0385923 secs]
9957.593: [GC (Allocation Failure)  1823772K->28668K(4516864K), 0.0167085 secs]
10022.564: [GC (Allocation Failure)  1788412K->28700K(4482048K), 0.0550459 secs]
10089.178: [GC (Allocation Failure)  1754140K->28764K(4449280K), 0.1066266 secs]
10151.375: [GC (Allocation Failure)  1720924K->28668K(4416512K), 0.0294490 secs]
10208.454: [GC (Allocation Failure)  1688572K->28700K(4385792K), 0.0252293 secs]
10275.690: [GC (Allocation Failure)  1657372K->28700K(4355072K), 0.0793726 secs]
10349.883: [GC (Allocation Failure)  1627164K->28668K(4326400K), 0.0163916 secs]
10417.253: [GC (Allocation Failure)  1597948K->28700K(4297728K), 0.0140987 secs]
10489.408: [GC (Allocation Failure)  1569820K->28700K(4270592K), 0.0272992 secs]
10545.902: [GC (Allocation Failure)  1542172K->28668K(4243456K), 0.0174195 secs]
10606.547: [GC (Allocation Failure)  1515516K->28700K(4217856K), 0.0546476 secs]
10659.856: [GC (Allocation Failure)  1489436K->28668K(4192256K), 0.0117030 secs]
10714.785: [GC (Allocation Failure)  1464316K->28700K(4167680K), 0.0454701 secs]
10778.223: [GC (Allocation Failure)  1439772K->28668K(4144128K), 0.0095581 secs]
10832.614: [GC (Allocation Failure)  1416188K->28700K(4121088K), 0.0578754 secs]
10904.862: [GC (Allocation Failure)  1393180K->28700K(4098560K), 0.0123425 secs]
10955.255: [GC (Allocation Failure)  1370652K->28700K(4076544K), 0.0597084 secs]
11011.730: [GC (Allocation Failure)  1348636K->29452K(4055552K), 0.0575206 secs]
11063.980: [GC (Allocation Failure)  1328396K->29068K(4035584K), 0.0210027 secs]
11110.598: [GC (Allocation Failure)  1307532K->29100K(4015104K), 0.0558234 secs]
11170.832: [GC (Allocation Failure)  1287596K->29068K(3996160K), 0.0301504 secs]
11226.309: [GC (Allocation Failure)  1268108K->29100K(3976704K), 0.0071623 secs]
11278.756: [GC (Allocation Failure)  1249196K->29036K(3958272K), 0.0236201 secs]
11332.303: [GC (Allocation Failure)  1230700K->29068K(3940352K), 0.0823161 secs]
11389.772: [GC (Allocation Failure)  1212812K->29132K(3922944K), 0.0310599 secs]
11444.575: [GC (Allocation Failure)  1195468K->29036K(3905536K), 0.1514525 secs]
11483.972: [GC (Allocation Failure)  1177964K->29036K(3888640K), 0.0067020 secs]
11549.669: [GC (Allocation Failure)  1161068K->29068K(3872256K), 0.0079897 secs]
11584.807: [GC (Allocation Failure)  1144716K->29100K(3856384K), 0.0125646 secs]
11635.561: [GC (Allocation Failure)  1128876K->29068K(3841024K), 0.0205184 secs]
11675.374: [GC (Allocation Failure)  1113484K->29036K(3825664K), 0.0089293 secs]
11722.921: [GC (Allocation Failure)  1098092K->29068K(3810816K), 0.0637003 secs]
11772.538: [GC (Allocation Failure)  1083276K->29164K(3796480K), 0.0309758 secs]
11816.735: [GC (Allocation Failure)  1069036K->29092K(3782656K), 0.0225247 secs]
11858.953: [GC (Allocation Failure)  1055140K->29060K(4922880K), 0.0076879 secs]
11954.442: [GC (Allocation Failure)  2195332K->29060K(4875264K), 0.0145151 secs]
12017.268: [GC (Allocation Failure)  2147716K->29252K(4829184K), 0.0372482 secs]
12087.389: [GC (Allocation Failure)  2101828K->29348K(4784640K), 0.0613706 secs]
12177.427: [GC (Allocation Failure)  2057380K->29335K(4741632K), 0.0119210 secs]
12246.248: [GC (Allocation Failure)  2014359K->29412K(4700160K), 0.1110898 secs]
12322.502: [GC (Allocation Failure)  1972964K->29335K(4660224K), 0.0104489 secs]
12384.722: [GC (Allocation Failure)  1932951K->29316K(4621312K), 0.0132209 secs]
12460.999: [GC (Allocation Failure)  1894020K->29412K(4583936K), 0.0043094 secs]
12509.021: [GC (Allocation Failure)  1856740K->29316K(4547584K), 0.0201867 secs]
12570.086: [GC (Allocation Failure)  1820292K->29380K(4512768K), 0.0073692 secs]
12624.513: [GC (Allocation Failure)  1785028K->29348K(4477952K), 0.0102855 secs]
12660.632: [GC (Allocation Failure)  1750692K->29412K(4445696K), 0.0544226 secs]
12702.548: [GC (Allocation Failure)  1717988K->29348K(4413440K), 0.0065533 secs]
12771.164: [GC (Allocation Failure)  1686180K->29380K(4382720K), 0.0153172 secs]
12838.712: [GC (Allocation Failure)  1654980K->29348K(4352000K), 0.0525661 secs]
12911.965: [GC (Allocation Failure)  1624740K->29468K(4323328K), 0.0493634 secs]
12981.605: [GC (Allocation Failure)  1595676K->29468K(4294656K), 0.0403760 secs]
13022.148: [GC (Allocation Failure)  1567516K->29516K(4267520K), 0.0068148 secs]
13079.430: [GC (Allocation Failure)  1539916K->29900K(4240896K), 0.0223725 secs]
13127.185: [GC (Allocation Failure)  1513676K->30060K(4215296K), 0.0290434 secs]
13182.123: [GC (Allocation Failure)  1488236K->30180K(4189696K), 0.0655988 secs]
